---
source: src/parse.rs
expression: "t(b\"use :path: name]}] 42\")"
---
(
    Top {
        uses: [
            Use {
                loc_use: Location(
                    0,
                    0..3,
                ),
                loc_path: Location(
                    0,
                    4..10,
                ),
                path: [
                    112,
                    97,
                    116,
                    104,
                ],
                loc_prefix: Location(
                    0,
                    11..15,
                ),
                prefix: "name-",
            },
        ],
        defs: [],
        script: Some(
            Script {
                head: Apply {
                    base: Value(
                        Number {
                            loc: Location(
                                0,
                                19..21,
                            ),
                            number: 42.0,
                        },
                    ),
                    args: [],
                },
                tail: [],
            },
        ),
    },
    [
        Error(
            Location(
                0,
                0..3,
            ),
            ContextCaused {
                error: Error(
                    Location(
                        0,
                        15..16,
                    ),
                    Unexpected {
                        token: CloseBracket,
                        expected: "a ',' (because of prior 'use')",
                    },
                ),
                because: Unmatched {
                    open_token: Use,
                },
            },
        ),
    ],
)
