---
source: src/tests.rs
expression: "t(b\"add 1 2\")"
---
3
