---
source: src/tests.rs
expression: "t(b\"\")"
---
Err(
    ErrorList(
        [],
    ),
)
