---
source: src/tests.rs
expression: "t(b\"\nlet a\n    [let b\n        a\n        [panic: unreachable:]]\n    [panic: unreachable:]\n\")"
---
Ok(
    (
        Named(
            "a=a",
        ),
        Tree {
            loc: Location(
                0,
                1..84,
            ),
            ty: 3,
            value: Apply(
                Bind(
                    Name(
                        Location(
                            0,
                            5..6,
                        ),
                        "a",
                    ),
                    Tree {
                        loc: Location(
                            0,
                            11..58,
                        ),
                        ty: 3,
                        value: Apply(
                            Bind(
                                Name(
                                    Location(
                                        0,
                                        16..17,
                                    ),
                                    "b",
                                ),
                                Tree {
                                    loc: Location(
                                        0,
                                        26..27,
                                    ),
                                    ty: 3,
                                    value: Apply(
                                        Name(
                                            "a",
                                        ),
                                        [],
                                    ),
                                },
                                Tree {
                                    loc: Location(
                                        0,
                                        0..0,
                                    ),
                                    ty: 0,
                                    value: Number(
                                        0.0,
                                    ),
                                },
                            ),
                            [
                                Tree {
                                    loc: Location(
                                        0,
                                        36..57,
                                    ),
                                    ty: 6,
                                    value: Apply(
                                        Name(
                                            "panic",
                                        ),
                                        [
                                            Tree {
                                                loc: Location(
                                                    0,
                                                    42..56,
                                                ),
                                                ty: 1,
                                                value: Bytes(
                                                    [
                                                        32,
                                                        117,
                                                        110,
                                                        114,
                                                        101,
                                                        97,
                                                        99,
                                                        104,
                                                        97,
                                                        98,
                                                        108,
                                                        101,
                                                    ],
                                                ),
                                            },
                                        ],
                                    ),
                                },
                            ],
                        ),
                    },
                    Tree {
                        loc: Location(
                            0,
                            0..0,
                        ),
                        ty: 0,
                        value: Number(
                            0.0,
                        ),
                    },
                ),
                [
                    Tree {
                        loc: Location(
                            0,
                            63..84,
                        ),
                        ty: 9,
                        value: Apply(
                            Name(
                                "panic",
                            ),
                            [
                                Tree {
                                    loc: Location(
                                        0,
                                        69..83,
                                    ),
                                    ty: 1,
                                    value: Bytes(
                                        [
                                            32,
                                            117,
                                            110,
                                            114,
                                            101,
                                            97,
                                            99,
                                            104,
                                            97,
                                            98,
                                            108,
                                            101,
                                        ],
                                    ),
                                },
                            ],
                        ),
                    },
                ],
            ),
        },
    ),
)
