---
source: src/lex.rs
expression: "t(b\"coucou\")"
---
Token(Location("<test>", 0..6), Word("coucou"))
Token(Location("<test>", 6..6), End)
